apiVersion: apiextensions.k8s.io/v1beta1
kind: CustomResourceDefinition
metadata:
<<<<<<< HEAD
<<<<<<< HEAD
  labels:
    app.kubernetes.io/component: ml-pipeline
    app.kubernetes.io/name: kubeflow-pipelines
=======
>>>>>>> 0dd7b24f049aaff540231bf73fe153c2397be890
=======
  labels:
    app.kubernetes.io/component: ml-pipeline
    app.kubernetes.io/name: kubeflow-pipelines
>>>>>>> upstream/master
  name: scheduledworkflows.kubeflow.org
spec:
  group: kubeflow.org
  names:
    kind: ScheduledWorkflow
    listKind: ScheduledWorkflowList
    plural: scheduledworkflows
    shortNames:
    - swf
    singular: scheduledworkflow
  scope: Namespaced
  versions:
  - name: v1beta1
    served: true
    storage: true
