apiVersion: apps/v1
kind: Deployment
metadata:
  labels:
    app: minio
    app.kubernetes.io/component: minio
    app.kubernetes.io/name: minio
  name: minio
  namespace: kubeflow
spec:
  selector:
    matchLabels:
      app: minio
      app.kubernetes.io/component: minio
      app.kubernetes.io/name: minio
  strategy:
    type: Recreate
  template:
    metadata:
<<<<<<< HEAD
<<<<<<< HEAD
      annotations:
        sidecar.istio.io/inject: "false"
=======
>>>>>>> 0dd7b24f049aaff540231bf73fe153c2397be890
=======
      annotations:
        sidecar.istio.io/inject: "false"
>>>>>>> upstream/master
      labels:
        app: minio
        app.kubernetes.io/component: minio
        app.kubernetes.io/name: minio
    spec:
      containers:
      - args:
        - server
        - /data
        env:
        - name: MINIO_ACCESS_KEY
<<<<<<< HEAD
<<<<<<< HEAD
=======
>>>>>>> upstream/master
          valueFrom:
            secretKeyRef:
              key: accesskey
              name: mlpipeline-minio-artifact
<<<<<<< HEAD
        - name: MINIO_SECRET_KEY
          valueFrom:
            secretKeyRef:
              key: secretkey
              name: mlpipeline-minio-artifact
=======
          value: minio
        - name: MINIO_SECRET_KEY
          value: minio123
>>>>>>> 0dd7b24f049aaff540231bf73fe153c2397be890
=======
        - name: MINIO_SECRET_KEY
          valueFrom:
            secretKeyRef:
              key: secretkey
              name: mlpipeline-minio-artifact
>>>>>>> upstream/master
        image: gcr.io/ml-pipeline/minio:RELEASE.2019-08-14T20-37-41Z-license-compliance
        name: minio
        ports:
        - containerPort: 9000
        volumeMounts:
        - mountPath: /data
          name: data
          subPath: minio
      volumes:
      - name: data
        persistentVolumeClaim:
          claimName: minio-pvc
