apiVersion: rbac.authorization.k8s.io/v1
kind: Role
metadata:
<<<<<<< HEAD
<<<<<<< HEAD
  labels:
    app.kubernetes.io/component: ml-pipeline
    app.kubernetes.io/name: kubeflow-pipelines
=======
>>>>>>> 0dd7b24f049aaff540231bf73fe153c2397be890
=======
  labels:
    app.kubernetes.io/component: ml-pipeline
    app.kubernetes.io/name: kubeflow-pipelines
>>>>>>> upstream/master
  name: ml-pipeline-persistenceagent-role
  namespace: kubeflow
rules:
- apiGroups:
  - argoproj.io
  resources:
  - workflows
  verbs:
  - get
  - list
  - watch
- apiGroups:
  - kubeflow.org
  resources:
  - scheduledworkflows
  verbs:
  - get
  - list
  - watch
