apiVersion: apps/v1
kind: Deployment
metadata:
  labels:
    app.kubernetes.io/component: knative-eventing-install
<<<<<<< HEAD
    app.kubernetes.io/instance: knative-eventing-install
    app.kubernetes.io/managed-by: kfctl
    app.kubernetes.io/name: knative-eventing-install
    app.kubernetes.io/part-of: kubeflow
    app.kubernetes.io/version: v0.11.0
    eventing.knative.dev/release: v0.11.0
    kustomize.component: knative
    serving.knative.dev/release: v0.11.0
  name: imc-controller
  namespace: knative-serving
=======
    app.kubernetes.io/name: knative-eventing-install
    eventing.knative.dev/release: v0.14.2
    kustomize.component: knative
  name: imc-controller
  namespace: knative-eventing
>>>>>>> upstream/master
spec:
  replicas: 1
  selector:
    matchLabels:
      app.kubernetes.io/component: knative-eventing-install
<<<<<<< HEAD
      app.kubernetes.io/instance: knative-eventing-install
      app.kubernetes.io/managed-by: kfctl
      app.kubernetes.io/name: knative-eventing-install
      app.kubernetes.io/part-of: kubeflow
      app.kubernetes.io/version: v0.11.0
      kustomize.component: knative
      messaging.knative.dev/channel: in-memory-channel
      messaging.knative.dev/role: controller
      serving.knative.dev/release: v0.11.0
=======
      app.kubernetes.io/name: knative-eventing-install
      kustomize.component: knative
      messaging.knative.dev/channel: in-memory-channel
      messaging.knative.dev/role: controller
>>>>>>> upstream/master
  template:
    metadata:
      labels:
        app.kubernetes.io/component: knative-eventing-install
<<<<<<< HEAD
        app.kubernetes.io/instance: knative-eventing-install
        app.kubernetes.io/managed-by: kfctl
        app.kubernetes.io/name: knative-eventing-install
        app.kubernetes.io/part-of: kubeflow
        app.kubernetes.io/version: v0.11.0
        kustomize.component: knative
        messaging.knative.dev/channel: in-memory-channel
        messaging.knative.dev/role: controller
        serving.knative.dev/release: v0.11.0
=======
        app.kubernetes.io/name: knative-eventing-install
        kustomize.component: knative
        messaging.knative.dev/channel: in-memory-channel
        messaging.knative.dev/role: controller
>>>>>>> upstream/master
    spec:
      containers:
      - env:
        - name: CONFIG_LOGGING_NAME
          value: config-logging
        - name: CONFIG_OBSERVABILITY_NAME
          value: config-observability
        - name: METRICS_DOMAIN
          value: knative.dev/inmemorychannel-controller
        - name: SYSTEM_NAMESPACE
          valueFrom:
            fieldRef:
              fieldPath: metadata.namespace
<<<<<<< HEAD
        image: gcr.io/knative-releases/knative.dev/eventing/cmd/in_memory/channel_controller@sha256:67cf35921e6ba4d8d5027637bdb9f0bec328e0ba5706fb0ea4eb32187a77bd0b
=======
        - name: DISPATCHER_IMAGE
          value: gcr.io/knative-releases/knative.dev/eventing/cmd/in_memory/channel_dispatcher@sha256:8df896444091f1b34185f0fa3da5d41f32e84c43c48df07605c728e0fe49a9a8
        image: gcr.io/knative-releases/knative.dev/eventing/cmd/in_memory/channel_controller@sha256:9a084ba0ed6a12862adb3ca00de069f0ec1715fe8d4db6c9921fcca335c675bb
>>>>>>> upstream/master
        name: controller
        ports:
        - containerPort: 9090
          name: metrics
<<<<<<< HEAD
        volumeMounts:
        - mountPath: /etc/config-logging
          name: config-logging
      serviceAccountName: imc-controller
      volumes:
      - configMap:
          name: config-logging
        name: config-logging
=======
        - containerPort: 8008
          name: profiling
        securityContext:
          allowPrivilegeEscalation: false
      serviceAccountName: imc-controller
>>>>>>> upstream/master
