apiVersion: rbac.authorization.k8s.io/v1
kind: ClusterRole
metadata:
  labels:
    app.kubernetes.io/component: knative-eventing-install
<<<<<<< HEAD
    app.kubernetes.io/instance: knative-eventing-install
    app.kubernetes.io/managed-by: kfctl
    app.kubernetes.io/name: knative-eventing-install
    app.kubernetes.io/part-of: kubeflow
    app.kubernetes.io/version: v0.11.0
    duck.knative.dev/source: "true"
    eventing.knative.dev/release: v0.11.0
    kustomize.component: knative
    serving.knative.dev/release: v0.11.0
  name: eventing-sources-source-observer
rules:
- apiGroups:
  - sources.eventing.knative.dev
  resources:
  - containersources
  - cronjobsources
  - apiserversources
=======
    app.kubernetes.io/name: knative-eventing-install
    duck.knative.dev/source: "true"
    eventing.knative.dev/release: v0.14.2
    kustomize.component: knative
  name: eventing-sources-source-observer
rules:
- apiGroups:
  - sources.knative.dev
  resources:
  - apiserversources
  - pingsources
  - sinkbindings
  - containersources
>>>>>>> upstream/master
  verbs:
  - get
  - list
  - watch
