apiVersion: rbac.authorization.k8s.io/v1
kind: ClusterRole
metadata:
  labels:
    app.kubernetes.io/component: knative-eventing-install
<<<<<<< HEAD
    app.kubernetes.io/instance: knative-eventing-install
    app.kubernetes.io/managed-by: kfctl
    app.kubernetes.io/name: knative-eventing-install
    app.kubernetes.io/part-of: kubeflow
    app.kubernetes.io/version: v0.11.0
    eventing.knative.dev/release: v0.11.0
    kustomize.component: knative
    rbac.authorization.k8s.io/aggregate-to-view: "true"
    serving.knative.dev/release: v0.11.0
=======
    app.kubernetes.io/name: knative-eventing-install
    eventing.knative.dev/release: v0.14.2
    kustomize.component: knative
    rbac.authorization.k8s.io/aggregate-to-view: "true"
>>>>>>> upstream/master
  name: knative-eventing-namespaced-view
rules:
- apiGroups:
  - eventing.knative.dev
  - messaging.knative.dev
<<<<<<< HEAD
  - sources.eventing.knative.dev
=======
  - sources.knative.dev
  - flows.knative.dev
>>>>>>> upstream/master
  resources:
  - '*'
  verbs:
  - get
  - list
  - watch
