apiVersion: v1
data:
  loglevel.controller: info
  loglevel.webhook: info
  zap-logger-config: |
    {
      "level": "info",
      "development": false,
      "outputPaths": ["stdout"],
      "errorOutputPaths": ["stderr"],
      "encoding": "json",
      "encoderConfig": {
        "timeKey": "ts",
        "levelKey": "level",
        "nameKey": "logger",
        "callerKey": "caller",
        "messageKey": "msg",
        "stacktraceKey": "stacktrace",
        "lineEnding": "",
        "levelEncoder": "",
        "timeEncoder": "iso8601",
        "durationEncoder": "",
        "callerEncoder": ""
      }
    }
kind: ConfigMap
metadata:
  labels:
    app.kubernetes.io/component: knative-eventing-install
<<<<<<< HEAD
    app.kubernetes.io/instance: knative-eventing-install
    app.kubernetes.io/managed-by: kfctl
    app.kubernetes.io/name: knative-eventing-install
    app.kubernetes.io/part-of: kubeflow
    app.kubernetes.io/version: v0.11.0
    kustomize.component: knative
    serving.knative.dev/release: v0.11.0
  name: config-logging
  namespace: knative-serving
=======
    app.kubernetes.io/name: knative-eventing-install
    eventing.knative.dev/release: v0.14.2
    knative.dev/config-category: eventing
    knative.dev/config-propagation: original
    kustomize.component: knative
  name: config-logging
  namespace: knative-eventing
>>>>>>> upstream/master
