apiVersion: app.k8s.io/v1beta1
kind: Application
metadata:
  labels:
    app.kubernetes.io/component: poddefaults
    app.kubernetes.io/name: poddefaults
  name: webhook
  namespace: kubeflow
spec:
  addOwnerRef: true
  componentKinds:
  - group: core
    kind: ConfigMap
  - group: apps
<<<<<<< HEAD
    kind: StatefulSet
=======
    kind: Deployment
  - group: rbac.authorization.k8s.io
    kind: Role
  - group: rbac.authorization.k8s.io
    kind: RoleBinding
>>>>>>> upstream/master
  - group: core
    kind: Service
  - group: core
    kind: ServiceAccount
<<<<<<< HEAD
=======
  - group: apps
    kind: StatefulSet
>>>>>>> upstream/master
  descriptor:
    description: injects volume, volume mounts, env vars into PodDefault
    keywords:
    - admission-webhook
    - kubeflow
    links:
    - description: About
      url: https://github.com/kubeflow/kubeflow/tree/master/components/admission-webhook
    maintainers: []
    owners: []
    type: bootstrap
    version: v1beta1
  selector:
    matchLabels:
<<<<<<< HEAD
      app.kubernetes.io/component: bootstrap
      app.kubernetes.io/instance: webhook-v1.0.0
      app.kubernetes.io/managed-by: kfctl
      app.kubernetes.io/name: webhook
      app.kubernetes.io/part-of: webhook
      app.kubernetes.io/version: v1.0.0
=======
      app.kubernetes.io/component: webhook
      app.kubernetes.io/name: webhook
>>>>>>> upstream/master
