apiVersion: apps/v1
kind: Deployment
metadata:
  labels:
    app: jupyter-web-app
    kustomize.component: jupyter-web-app
  name: jupyter-web-app-deployment
  namespace: kubeflow
spec:
  replicas: 1
  selector:
    matchLabels:
      app: jupyter-web-app
      kustomize.component: jupyter-web-app
  template:
    metadata:
      annotations:
        sidecar.istio.io/inject: "false"
      labels:
        app: jupyter-web-app
        kustomize.component: jupyter-web-app
    spec:
      containers:
      - env:
        - name: USERID_HEADER
          valueFrom:
            configMapKeyRef:
              key: userid-header
              name: kubeflow-config
        - name: USERID_PREFIX
          valueFrom:
            configMapKeyRef:
              key: userid-prefix
              name: kubeflow-config
<<<<<<< HEAD
        image: gcr.io/kubeflow-images-public/jupyter-web-app:vmaster-gd9be4b9e
=======
        image: gcr.io/kubeflow-images-public/jupyter-web-app:vmaster-ge4456300
>>>>>>> upstream/master
        name: jupyter-web-app
        ports:
        - containerPort: 5000
        volumeMounts:
        - mountPath: /etc/config
          name: config-volume
      serviceAccountName: jupyter-web-app-service-account
      volumes:
      - configMap:
<<<<<<< HEAD
          name: jupyter-web-app-jupyter-web-app-config-57ddmh4ht8
=======
          name: jupyter-web-app-jupyter-web-app-config-24bth2gbkc
>>>>>>> upstream/master
        name: config-volume
