apiVersion: rbac.authorization.k8s.io/v1
kind: ClusterRoleBinding
metadata:
  labels:
    app: notebook-controller
<<<<<<< HEAD
    app.kubernetes.io/component: notebook-controller
    app.kubernetes.io/name: notebook-controller
=======
>>>>>>> upstream/master
    kustomize.component: notebook-controller
  name: notebook-controller-role-binding
roleRef:
  apiGroup: rbac.authorization.k8s.io
  kind: ClusterRole
  name: notebook-controller-role
subjects:
- kind: ServiceAccount
  name: notebook-controller-service-account
  namespace: kubeflow
