apiVersion: v1
kind: ServiceAccount
metadata:
  labels:
<<<<<<< HEAD
    app.kubernetes.io/component: centraldashboard
    app.kubernetes.io/name: centraldashboard
=======
    app: centraldashboard
    app.kubernetes.io/component: centraldashboard
    app.kubernetes.io/name: centraldashboard
    kustomize.component: centraldashboard
>>>>>>> upstream/master
  name: centraldashboard
  namespace: kubeflow
