apiVersion: v1
kind: Service
metadata:
  labels:
    app: notebook-controller
<<<<<<< HEAD
    app.kubernetes.io/component: notebook-controller
    app.kubernetes.io/name: notebook-controller
=======
>>>>>>> upstream/master
    kustomize.component: notebook-controller
  name: notebook-controller-service
  namespace: kubeflow
spec:
  ports:
  - port: 443
  selector:
    app: notebook-controller
<<<<<<< HEAD
    app.kubernetes.io/component: notebook-controller
    app.kubernetes.io/name: notebook-controller
=======
>>>>>>> upstream/master
    kustomize.component: notebook-controller
