apiVersion: v1
kind: ServiceAccount
metadata:
  labels:
    app: notebook-controller
<<<<<<< HEAD
    app.kubernetes.io/component: notebook-controller
    app.kubernetes.io/name: notebook-controller
=======
>>>>>>> upstream/master
    kustomize.component: notebook-controller
  name: notebook-controller-service-account
  namespace: kubeflow
