apiVersion: apps/v1
kind: Deployment
metadata:
  labels:
    app: notebook-controller
<<<<<<< HEAD
    app.kubernetes.io/component: notebook-controller
    app.kubernetes.io/name: notebook-controller
=======
>>>>>>> upstream/master
    kustomize.component: notebook-controller
  name: notebook-controller-deployment
  namespace: kubeflow
spec:
  selector:
    matchLabels:
      app: notebook-controller
<<<<<<< HEAD
      app.kubernetes.io/component: notebook-controller
      app.kubernetes.io/name: notebook-controller
=======
>>>>>>> upstream/master
      kustomize.component: notebook-controller
  template:
    metadata:
      annotations:
        sidecar.istio.io/inject: "false"
      labels:
        app: notebook-controller
<<<<<<< HEAD
        app.kubernetes.io/component: notebook-controller
        app.kubernetes.io/name: notebook-controller
=======
>>>>>>> upstream/master
        kustomize.component: notebook-controller
    spec:
      containers:
      - command:
        - /manager
        env:
        - name: USE_ISTIO
          valueFrom:
            configMapKeyRef:
              key: USE_ISTIO
              name: notebook-controller-notebook-controller-config-h4d668t5tb
        - name: ISTIO_GATEWAY
          valueFrom:
            configMapKeyRef:
              key: ISTIO_GATEWAY
              name: notebook-controller-notebook-controller-config-h4d668t5tb
<<<<<<< HEAD
        image: gcr.io/kubeflow-images-public/notebook-controller:vmaster-gf39279c0
=======
        image: gcr.io/kubeflow-images-public/notebook-controller:vmaster-g6eb007d0
>>>>>>> upstream/master
        imagePullPolicy: Always
        livenessProbe:
          httpGet:
            path: /metrics
            port: 8080
          initialDelaySeconds: 30
          periodSeconds: 30
        name: manager
      serviceAccountName: notebook-controller-service-account
