apiVersion: rbac.authorization.k8s.io/v1
kind: ClusterRole
metadata:
  labels:
    app: notebook-controller
<<<<<<< HEAD
    app.kubernetes.io/component: notebook-controller
    app.kubernetes.io/name: notebook-controller
=======
>>>>>>> upstream/master
    kustomize.component: notebook-controller
    rbac.authorization.kubeflow.org/aggregate-to-kubeflow-view: "true"
  name: notebook-controller-kubeflow-notebooks-view
rules:
- apiGroups:
  - kubeflow.org
  resources:
  - notebooks
  - notebooks/status
  verbs:
  - get
  - list
  - watch
