apiVersion: apiextensions.k8s.io/v1beta1
kind: CustomResourceDefinition
metadata:
  labels:
<<<<<<< HEAD
    app.kubernetes.io/component: knative-eventing-crds
    app.kubernetes.io/instance: knative-eventing-crds-v0.11.0
    app.kubernetes.io/managed-by: kfctl
    app.kubernetes.io/name: knative-eventing-crds
    app.kubernetes.io/part-of: kubeflow
    app.kubernetes.io/version: v0.11.0
    eventing.knative.dev/release: v0.11.0
=======
    app.kubernetes.io/instance: knative-eventing-crds
    app.kubernetes.io/name: knative-eventing-crds
    eventing.knative.dev/release: v0.14.2
>>>>>>> upstream/master
    knative.dev/crd-install: "true"
  name: eventtypes.eventing.knative.dev
spec:
  additionalPrinterColumns:
  - JSONPath: .spec.type
    name: Type
    type: string
  - JSONPath: .spec.source
    name: Source
    type: string
  - JSONPath: .spec.schema
    name: Schema
    type: string
  - JSONPath: .spec.broker
    name: Broker
    type: string
  - JSONPath: .spec.description
    name: Description
    type: string
  - JSONPath: .status.conditions[?(@.type=="Ready")].status
    name: Ready
    type: string
  - JSONPath: .status.conditions[?(@.type=="Ready")].reason
    name: Reason
    type: string
<<<<<<< HEAD
=======
  conversion:
    strategy: Webhook
    webhookClientConfig:
      service:
        name: eventing-webhook
        namespace: knative-eventing
>>>>>>> upstream/master
  group: eventing.knative.dev
  names:
    categories:
    - all
    - knative
    - eventing
    kind: EventType
    plural: eventtypes
    singular: eventtype
<<<<<<< HEAD
=======
  preserveUnknownFields: false
>>>>>>> upstream/master
  scope: Namespaced
  subresources:
    status: {}
  validation:
    openAPIV3Schema:
<<<<<<< HEAD
      properties:
        spec:
          properties:
            broker:
              minLength: 1
              type: string
            description:
              type: string
            schema:
              type: string
            source:
              minLength: 1
              type: string
            type:
              minLength: 1
              type: string
          required:
          - type
          - source
          - broker
=======
      type: object
      x-kubernetes-preserve-unknown-fields: true
>>>>>>> upstream/master
  versions:
  - name: v1alpha1
    served: true
    storage: true
<<<<<<< HEAD
=======
  - name: v1beta1
    served: true
    storage: false
>>>>>>> upstream/master
