apiVersion: apiextensions.k8s.io/v1beta1
kind: CustomResourceDefinition
metadata:
  labels:
<<<<<<< HEAD
    app.kubernetes.io/component: knative-eventing-crds
    app.kubernetes.io/instance: knative-eventing-crds-v0.11.0
    app.kubernetes.io/managed-by: kfctl
    app.kubernetes.io/name: knative-eventing-crds
    app.kubernetes.io/part-of: kubeflow
    app.kubernetes.io/version: v0.11.0
    duck.knative.dev/addressable: "true"
    eventing.knative.dev/release: v0.11.0
=======
    app.kubernetes.io/instance: knative-eventing-crds
    app.kubernetes.io/name: knative-eventing-crds
    duck.knative.dev/addressable: "true"
    eventing.knative.dev/release: v0.14.2
>>>>>>> upstream/master
    knative.dev/crd-install: "true"
  name: brokers.eventing.knative.dev
spec:
  additionalPrinterColumns:
  - JSONPath: .status.conditions[?(@.type=="Ready")].status
    name: Ready
    type: string
  - JSONPath: .status.conditions[?(@.type=="Ready")].reason
    name: Reason
    type: string
  - JSONPath: .status.address.url
    name: URL
    type: string
  - JSONPath: .metadata.creationTimestamp
    name: Age
    type: date
<<<<<<< HEAD
=======
  conversion:
    strategy: Webhook
    webhookClientConfig:
      service:
        name: eventing-webhook
        namespace: knative-eventing
>>>>>>> upstream/master
  group: eventing.knative.dev
  names:
    categories:
    - all
    - knative
    - eventing
    kind: Broker
    plural: brokers
    singular: broker
<<<<<<< HEAD
=======
  preserveUnknownFields: false
>>>>>>> upstream/master
  scope: Namespaced
  subresources:
    status: {}
  validation:
    openAPIV3Schema:
<<<<<<< HEAD
      properties:
        spec:
          properties:
            channelTemplateSpec:
              properties:
                apiVersion:
                  minLength: 1
                  type: string
                kind:
                  minLength: 1
                  type: string
                spec:
                  type: object
              required:
              - apiVersion
              - kind
              type: object
=======
      type: object
      x-kubernetes-preserve-unknown-fields: true
>>>>>>> upstream/master
  versions:
  - name: v1alpha1
    served: true
    storage: true
<<<<<<< HEAD
=======
  - name: v1beta1
    served: true
    storage: false
>>>>>>> upstream/master
