apiVersion: v1
kind: Namespace
metadata:
  labels:
<<<<<<< HEAD
    app.kubernetes.io/component: knative-eventing-crds
    app.kubernetes.io/instance: knative-eventing-crds-v0.11.0
    app.kubernetes.io/managed-by: kfctl
    app.kubernetes.io/name: knative-eventing-crds
    app.kubernetes.io/part-of: kubeflow
    app.kubernetes.io/version: v0.11.0
    eventing.knative.dev/release: v0.11.0
=======
    app.kubernetes.io/instance: knative-eventing-crds
    app.kubernetes.io/name: knative-eventing-crds
    eventing.knative.dev/release: v0.14.2
>>>>>>> upstream/master
  name: knative-eventing
