apiVersion: apps/v1
kind: Deployment
metadata:
  labels:
    app: jupyter-web-app
    kustomize.component: jupyter-web-app
  name: jupyter-web-app-deployment
  namespace: kubeflow
spec:
  replicas: 1
  selector:
    matchLabels:
      app: jupyter-web-app
      kustomize.component: jupyter-web-app
  template:
    metadata:
      annotations:
        sidecar.istio.io/inject: "false"
      labels:
        app: jupyter-web-app
        kustomize.component: jupyter-web-app
    spec:
      containers:
      - env:
        - name: USERID_HEADER
          valueFrom:
            configMapKeyRef:
              key: userid-header
<<<<<<< HEAD
<<<<<<< HEAD
              name: kubeflow-config-c644m77455
=======
              name: kubeflow-config-988m2m9m87
>>>>>>> 0dd7b24f049aaff540231bf73fe153c2397be890
=======
              name: kubeflow-config-c644m77455
>>>>>>> upstream/master
        - name: USERID_PREFIX
          valueFrom:
            configMapKeyRef:
              key: userid-prefix
<<<<<<< HEAD
<<<<<<< HEAD
              name: kubeflow-config-c644m77455
=======
              name: kubeflow-config-988m2m9m87
>>>>>>> 0dd7b24f049aaff540231bf73fe153c2397be890
        image: gcr.io/kubeflow-images-public/jupyter-web-app:vmaster-gd9be4b9e
=======
              name: kubeflow-config-c644m77455
        image: gcr.io/kubeflow-images-public/jupyter-web-app:vmaster-ge4456300
>>>>>>> upstream/master
        name: jupyter-web-app
        ports:
        - containerPort: 5000
        volumeMounts:
        - mountPath: /etc/config
          name: config-volume
      serviceAccountName: jupyter-web-app-service-account
      volumes:
      - configMap:
          name: jupyter-web-app-jupyter-web-app-config-8kcgd8t8th
        name: config-volume
