apiVersion: cert-manager.io/v1alpha2
kind: Certificate
metadata:
  labels:
    app: kfserving
<<<<<<< HEAD
    app.kubernetes.io/component: kfserving-install
    app.kubernetes.io/name: kfserving-install
=======
    app.kubernetes.io/component: kfserving
    app.kubernetes.io/name: kfserving
>>>>>>> upstream/master
    kustomize.component: kfserving
  name: serving-cert
  namespace: kubeflow
spec:
  commonName: kfserving-webhook-server-service.kubeflow.svc
  dnsNames:
  - kfserving-webhook-server-service.kubeflow.svc
  issuerRef:
    kind: Issuer
    name: selfsigned-issuer
  secretName: kfserving-webhook-server-cert
