apiVersion: rbac.authorization.k8s.io/v1
kind: Role
metadata:
  labels:
    app: centraldashboard
    app.kubernetes.io/component: centraldashboard
    app.kubernetes.io/name: centraldashboard
    kustomize.component: centraldashboard
  name: centraldashboard
  namespace: kubeflow
rules:
- apiGroups:
  - ""
  - app.k8s.io
  resources:
  - applications
  - pods
  - pods/exec
  - pods/log
  verbs:
  - get
  - list
  - watch
- apiGroups:
  - ""
  resources:
  - secrets
<<<<<<< HEAD
<<<<<<< HEAD
  - configmaps
=======
>>>>>>> 0dd7b24f049aaff540231bf73fe153c2397be890
=======
  - configmaps
>>>>>>> upstream/master
  verbs:
  - get
