apiVersion: rbac.authorization.k8s.io/v1
kind: Role
metadata:
  labels:
    app: kubeflow-pipelines-metadata-writer-role
<<<<<<< HEAD
<<<<<<< HEAD
    app.kubernetes.io/component: ml-pipeline
    app.kubernetes.io/name: kubeflow-pipelines
=======
>>>>>>> 0dd7b24f049aaff540231bf73fe153c2397be890
=======
    app.kubernetes.io/component: ml-pipeline
    app.kubernetes.io/name: kubeflow-pipelines
>>>>>>> upstream/master
  name: kubeflow-pipelines-metadata-writer-role
  namespace: kubeflow
rules:
- apiGroups:
  - ""
  resources:
  - pods
  verbs:
  - get
  - list
  - watch
  - update
  - patch
- apiGroups:
  - ""
  resources:
  - configmaps
  verbs:
  - get
- apiGroups:
  - argoproj.io
  resources:
  - workflows
  verbs:
  - get
  - list
  - watch
  - update
  - patch
