aggregationRule:
  clusterRoleSelectors:
  - matchLabels:
      rbac.authorization.kubeflow.org/aggregate-to-kubeflow-kfserving-admin: "true"
apiVersion: rbac.authorization.k8s.io/v1
kind: ClusterRole
metadata:
  labels:
    app: kfserving
<<<<<<< HEAD
    app.kubernetes.io/component: kfserving-install
    app.kubernetes.io/name: kfserving-install
=======
    app.kubernetes.io/component: kfserving
    app.kubernetes.io/name: kfserving
>>>>>>> upstream/master
    kustomize.component: kfserving
    rbac.authorization.kubeflow.org/aggregate-to-kubeflow-admin: "true"
  name: kubeflow-kfserving-admin
rules: []
