apiVersion: rbac.authorization.k8s.io/v1
kind: Role
metadata:
  labels:
    app: seldon
    app.kubernetes.io/component: seldon
    app.kubernetes.io/instance: seldon-core
    app.kubernetes.io/name: seldon-core-operator
<<<<<<< HEAD
    app.kubernetes.io/version: 1.2.1
=======
    app.kubernetes.io/version: 1.4.0
>>>>>>> upstream/master
  name: seldon-leader-election-role
  namespace: kubeflow
rules:
- apiGroups:
  - ""
  resources:
  - configmaps
  verbs:
  - get
  - list
  - watch
  - create
  - update
  - patch
  - delete
- apiGroups:
  - ""
  resources:
  - configmaps/status
  verbs:
  - get
  - update
  - patch
- apiGroups:
  - ""
  resources:
  - events
  verbs:
  - create
