apiVersion: v1
data:
  early-stopping: |-
    {
      "medianstop": {
        "image": "docker.io/kubeflowkatib/earlystopping-medianstop:v1beta1-a96ff59",
        "imagePullPolicy": "Always"
      }
    }
  metrics-collector-sidecar: |-
    {
      "StdOut": {
<<<<<<< HEAD
        "image": "gcr.io/kubeflow-images-public/katib/v1alpha3/file-metrics-collector:ce89cbf"
      },
      "File": {
        "image": "gcr.io/kubeflow-images-public/katib/v1alpha3/file-metrics-collector:ce89cbf"
      },
      "TensorFlowEvent": {
        "image": "gcr.io/kubeflow-images-public/katib/v1alpha3/tfevent-metrics-collector:ce89cbf",
=======
        "image": "docker.io/kubeflowkatib/file-metrics-collector:v1beta1-a96ff59"
      },
      "File": {
        "image": "docker.io/kubeflowkatib/file-metrics-collector:v1beta1-a96ff59"
      },
      "TensorFlowEvent": {
        "image": "docker.io/kubeflowkatib/tfevent-metrics-collector:v1beta1-a96ff59",
>>>>>>> upstream/master
        "resources": {
          "limits": {
            "memory": "1Gi"
          }
        }
      }
    }
  suggestion: |-
    {
      "random": {
<<<<<<< HEAD
        "image": "gcr.io/kubeflow-images-public/katib/v1alpha3/suggestion-hyperopt:ce89cbf"
      },
      "grid": {
        "image": "gcr.io/kubeflow-images-public/katib/v1alpha3/suggestion-chocolate:ce89cbf"
      },
      "hyperband": {
        "image": "gcr.io/kubeflow-images-public/katib/v1alpha3/suggestion-hyperband:ce89cbf"
      },
      "bayesianoptimization": {
        "image": "gcr.io/kubeflow-images-public/katib/v1alpha3/suggestion-skopt:ce89cbf"
      },
      "tpe": {
        "image": "gcr.io/kubeflow-images-public/katib/v1alpha3/suggestion-hyperopt:ce89cbf"
      },
      "enas": {
        "image": "gcr.io/kubeflow-images-public/katib/v1alpha3/suggestion-enas:ce89cbf",
=======
        "image": "docker.io/kubeflowkatib/suggestion-hyperopt:v1beta1-a96ff59"
      },
      "grid": {
        "image": "docker.io/kubeflowkatib/suggestion-chocolate:v1beta1-a96ff59"
      },
      "hyperband": {
        "image": "docker.io/kubeflowkatib/suggestion-hyperband:v1beta1-a96ff59"
      },
      "bayesianoptimization": {
        "image": "docker.io/kubeflowkatib/suggestion-skopt:v1beta1-a96ff59"
      },
      "tpe": {
        "image": "docker.io/kubeflowkatib/suggestion-hyperopt:v1beta1-a96ff59"
      },
      "enas": {
        "image": "docker.io/kubeflowkatib/suggestion-enas:v1beta1-a96ff59",
>>>>>>> upstream/master
        "imagePullPolicy": "Always",
        "resources": {
          "limits": {
            "memory": "200Mi"
          }
        }
      },
      "cmaes": {
<<<<<<< HEAD
        "image": "gcr.io/kubeflow-images-public/katib/v1alpha3/suggestion-goptuna:ce89cbf"
      },
      "darts": {
        "image": "gcr.io/kubeflow-images-public/katib/v1alpha3/suggestion-darts:ce89cbf"
=======
        "image": "docker.io/kubeflowkatib/suggestion-goptuna:v1beta1-a96ff59"
      },
      "darts": {
        "image": "docker.io/kubeflowkatib/suggestion-darts:v1beta1-a96ff59"
>>>>>>> upstream/master
      }
    }
kind: ConfigMap
metadata:
  labels:
    app.kubernetes.io/component: katib
    app.kubernetes.io/name: katib-controller
  name: katib-config
  namespace: kubeflow
