apiVersion: apps/v1
kind: Deployment
metadata:
  labels:
    app: ml-pipeline-ui
<<<<<<< HEAD
<<<<<<< HEAD
    app.kubernetes.io/component: ml-pipeline
    app.kubernetes.io/name: kubeflow-pipelines
=======
>>>>>>> 0dd7b24f049aaff540231bf73fe153c2397be890
=======
    app.kubernetes.io/component: ml-pipeline
    app.kubernetes.io/name: kubeflow-pipelines
>>>>>>> upstream/master
  name: ml-pipeline-ui
  namespace: kubeflow
spec:
  selector:
    matchLabels:
      app: ml-pipeline-ui
<<<<<<< HEAD
<<<<<<< HEAD
      app.kubernetes.io/component: ml-pipeline
      app.kubernetes.io/name: kubeflow-pipelines
=======
>>>>>>> 0dd7b24f049aaff540231bf73fe153c2397be890
=======
      app.kubernetes.io/component: ml-pipeline
      app.kubernetes.io/name: kubeflow-pipelines
>>>>>>> upstream/master
  template:
    metadata:
      labels:
        app: ml-pipeline-ui
<<<<<<< HEAD
<<<<<<< HEAD
=======
>>>>>>> upstream/master
        app.kubernetes.io/component: ml-pipeline
        app.kubernetes.io/name: kubeflow-pipelines
    spec:
      containers:
      - env:
        - name: VIEWER_TENSORBOARD_POD_TEMPLATE_SPEC_PATH
          value: /etc/config/viewer-pod-template.json
        - name: DEPLOYMENT
          value: KUBEFLOW
        - name: ARTIFACTS_SERVICE_PROXY_NAME
          value: ml-pipeline-ui-artifact
        - name: ARTIFACTS_SERVICE_PROXY_PORT
          value: "80"
        - name: ARTIFACTS_SERVICE_PROXY_ENABLED
          value: "true"
        - name: ENABLE_AUTHZ
          value: "true"
        - name: KUBEFLOW_USERID_HEADER
          valueFrom:
            configMapKeyRef:
              key: userid-header
              name: kubeflow-config-bmh8k74f52
        - name: KUBEFLOW_USERID_PREFIX
          valueFrom:
            configMapKeyRef:
              key: userid-prefix
              name: kubeflow-config-bmh8k74f52
<<<<<<< HEAD
=======
    spec:
      containers:
      - env:
>>>>>>> 0dd7b24f049aaff540231bf73fe153c2397be890
=======
>>>>>>> upstream/master
        - name: MINIO_NAMESPACE
          valueFrom:
            fieldRef:
              fieldPath: metadata.namespace
<<<<<<< HEAD
<<<<<<< HEAD
=======
>>>>>>> upstream/master
        - name: MINIO_ACCESS_KEY
          valueFrom:
            secretKeyRef:
              key: accesskey
              name: mlpipeline-minio-artifact
        - name: MINIO_SECRET_KEY
          valueFrom:
            secretKeyRef:
              key: secretkey
              name: mlpipeline-minio-artifact
<<<<<<< HEAD
        - name: ALLOW_CUSTOM_VISUALIZATIONS
          value: "true"
        image: gcr.io/ml-pipeline/frontend:1.0.0
=======
        - name: ALLOW_CUSTOM_VISUALIZATIONS
          value: "true"
        image: gcr.io/ml-pipeline/frontend:1.0.0-rc.2
>>>>>>> 0dd7b24f049aaff540231bf73fe153c2397be890
=======
        - name: ALLOW_CUSTOM_VISUALIZATIONS
          value: "true"
        image: gcr.io/ml-pipeline/frontend:1.0.4
>>>>>>> upstream/master
        imagePullPolicy: IfNotPresent
        livenessProbe:
          exec:
            command:
            - wget
            - -q
            - -S
            - -O
            - '-'
            - http://localhost:3000/apis/v1beta1/healthz
          initialDelaySeconds: 3
          periodSeconds: 5
          timeoutSeconds: 2
        name: ml-pipeline-ui
        ports:
        - containerPort: 3000
        readinessProbe:
          exec:
            command:
            - wget
            - -q
            - -S
            - -O
            - '-'
            - http://localhost:3000/apis/v1beta1/healthz
          initialDelaySeconds: 3
          periodSeconds: 5
          timeoutSeconds: 2
<<<<<<< HEAD
<<<<<<< HEAD
=======
>>>>>>> upstream/master
        volumeMounts:
        - mountPath: /etc/config
          name: config-volume
          readOnly: true
<<<<<<< HEAD
      serviceAccountName: ml-pipeline-ui
      volumes:
      - configMap:
          name: ml-pipeline-ui-configmap
        name: config-volume
=======
      serviceAccountName: ml-pipeline-ui
>>>>>>> 0dd7b24f049aaff540231bf73fe153c2397be890
=======
      serviceAccountName: ml-pipeline-ui
      volumes:
      - configMap:
          name: ml-pipeline-ui-configmap
        name: config-volume
>>>>>>> upstream/master
