apiVersion: rbac.authorization.k8s.io/v1
kind: ClusterRoleBinding
metadata:
  labels:
    app: kfserving
<<<<<<< HEAD
    app.kubernetes.io/component: kfserving-install
    app.kubernetes.io/name: kfserving-install
=======
    app.kubernetes.io/component: kfserving
    app.kubernetes.io/name: kfserving
>>>>>>> upstream/master
    kustomize.component: kfserving
  name: kfserving-proxy-rolebinding
roleRef:
  apiGroup: rbac.authorization.k8s.io
  kind: ClusterRole
  name: kfserving-proxy-role
subjects:
- kind: ServiceAccount
  name: default
  namespace: kubeflow
