apiVersion: rbac.authorization.k8s.io/v1
kind: ClusterRole
metadata:
  labels:
    app: kubeflow-pipelines-cache-deployer-clusterrole
<<<<<<< HEAD
<<<<<<< HEAD
    app.kubernetes.io/component: ml-pipeline
    app.kubernetes.io/name: kubeflow-pipelines
=======
>>>>>>> 0dd7b24f049aaff540231bf73fe153c2397be890
=======
    app.kubernetes.io/component: ml-pipeline
    app.kubernetes.io/name: kubeflow-pipelines
>>>>>>> upstream/master
  name: kubeflow-pipelines-cache-deployer-clusterrole
rules:
- apiGroups:
  - certificates.k8s.io
  resources:
  - certificatesigningrequests
  - certificatesigningrequests/approval
  verbs:
  - create
  - delete
  - get
  - update
- apiGroups:
  - admissionregistration.k8s.io
  resources:
  - mutatingwebhookconfigurations
  verbs:
  - create
  - delete
  - get
  - list
  - patch
- apiGroups:
  - certificates.k8s.io
  resourceNames:
  - kubernetes.io/*
  resources:
  - signers
  verbs:
  - approve
