apiVersion: apps/v1
kind: Deployment
metadata:
  labels:
    app: ml-pipeline-scheduledworkflow
    app.kubernetes.io/component: ml-pipeline
    app.kubernetes.io/name: kubeflow-pipelines
  name: ml-pipeline-scheduledworkflow
  namespace: kubeflow
spec:
  selector:
    matchLabels:
      app: ml-pipeline-scheduledworkflow
      app.kubernetes.io/component: ml-pipeline
      app.kubernetes.io/name: kubeflow-pipelines
  template:
    metadata:
      labels:
        app: ml-pipeline-scheduledworkflow
        app.kubernetes.io/component: ml-pipeline
        app.kubernetes.io/name: kubeflow-pipelines
    spec:
      containers:
      - env:
        - name: NAMESPACE
          value: ""
<<<<<<< HEAD
        image: gcr.io/ml-pipeline/scheduledworkflow:1.0.0
=======
        image: gcr.io/ml-pipeline/scheduledworkflow:1.0.4
>>>>>>> upstream/master
        imagePullPolicy: IfNotPresent
        name: ml-pipeline-scheduledworkflow
      serviceAccountName: ml-pipeline-scheduledworkflow
