apiVersion: rbac.authorization.k8s.io/v1
kind: ClusterRole
metadata:
  creationTimestamp: null
  labels:
    app: seldon
    app.kubernetes.io/component: seldon
    app.kubernetes.io/instance: seldon-core
    app.kubernetes.io/name: seldon-core-operator
<<<<<<< HEAD
    app.kubernetes.io/version: 1.2.1
=======
    app.kubernetes.io/version: 1.4.0
>>>>>>> upstream/master
  name: seldon-manager-sas-role-kubeflow
rules:
- apiGroups:
  - ""
  resources:
  - secrets
  verbs:
  - get
  - list
  - watch
- apiGroups:
  - ""
  resources:
  - configmaps
  verbs:
  - get
  - list
  - watch
- apiGroups:
  - ""
  resources:
  - serviceaccounts
  verbs:
  - get
  - list
  - watch
