apiVersion: rbac.authorization.k8s.io/v1
kind: ClusterRole
metadata:
  labels:
    app: centraldashboard
    app.kubernetes.io/component: centraldashboard
    app.kubernetes.io/name: centraldashboard
<<<<<<< HEAD
=======
    kustomize.component: centraldashboard
>>>>>>> upstream/master
  name: centraldashboard
rules:
- apiGroups:
  - ""
  resources:
  - events
  - namespaces
  - nodes
  verbs:
  - get
  - list
  - watch
